
=== Lookahead Session: 1779814406 ===
🔍 Match found at ngram_size 3: [624, 12, 358] -> drafts [1079, 264, 220, 16]
✅ Draft ACCEPTED: 1079
✅ Draft ACCEPTED: 264
✅ Draft ACCEPTED: 220
✅ Draft ACCEPTED: 16
🔍 Match found at ngram_size 5: [1079, 264, 220, 16, 15257] -> drafts [1614, 33340, 369, 3347]
✅ Draft ACCEPTED: 1614
✅ Draft ACCEPTED: 33340
✅ Draft ACCEPTED: 369
✅ Draft ACCEPTED: 3347
🔍 Match found at ngram_size 5: [1614, 33340, 369, 3347, 39270] -> drafts [323, 3347, 4938, 10431]
✅ Draft ACCEPTED: 323
✅ Draft ACCEPTED: 3347
✅ Draft ACCEPTED: 4938
✅ Draft ACCEPTED: 10431
🔍 Match found at ngram_size 5: [323, 3347, 4938, 10431, 624] -> drafts [12, 358, 1079, 264]
✅ Draft ACCEPTED: 12
✅ Draft ACCEPTED: 358
✅ Draft ACCEPTED: 1079
✅ Draft ACCEPTED: 264
🔍 Match found at ngram_size 5: [12, 358, 1079, 264, 220] -> drafts [16, 15257, 1614, 33340]
✅ Draft ACCEPTED: 16
✅ Draft ACCEPTED: 15257
✅ Draft ACCEPTED: 1614
✅ Draft ACCEPTED: 33340
🔍 Match found at ngram_size 5: [16, 15257, 1614, 33340, 369] -> drafts [3347, 39270, 323, 3347]
✅ Draft ACCEPTED: 3347
✅ Draft ACCEPTED: 39270
✅ Draft ACCEPTED: 323
✅ Draft ACCEPTED: 3347
🔍 Match found at ngram_size 5: [3347, 39270, 323, 3347, 4938] -> drafts [10431, 624, 12, 358]
✅ Draft ACCEPTED: 10431
✅ Draft ACCEPTED: 624
✅ Draft ACCEPTED: 12
✅ Draft ACCEPTED: 358
🔍 Match found at ngram_size 5: [10431, 624, 12, 358, 1079] -> drafts [264, 220, 16, 15257]
❌ Draft REJECTED: expected 264, got 458
🔍 Match found at ngram_size 3: [358, 1079, 458] -> drafts [15235, 17847, 7881, 553]
✅ Draft ACCEPTED: 15235
✅ Draft ACCEPTED: 17847
✅ Draft ACCEPTED: 7881
✅ Draft ACCEPTED: 553
🔍 Match found at ngram_size 5: [15235, 17847, 7881, 553, 71931] -> drafts [2668, 624, 12, 358]
✅ Draft ACCEPTED: 2668
❌ Draft REJECTED: expected 624, got 382
🔍 Match found at ngram_size 3: [1079, 264, 220] -> drafts [16, 15257, 1614, 33340]
✅ Draft ACCEPTED: 16
✅ Draft ACCEPTED: 15257
✅ Draft ACCEPTED: 1614
✅ Draft ACCEPTED: 33340
🔍 Match found at ngram_size 5: [16, 15257, 1614, 33340, 369] -> drafts [3347, 39270, 323, 3347]
✅ Draft ACCEPTED: 3347
✅ Draft ACCEPTED: 39270
✅ Draft ACCEPTED: 323
✅ Draft ACCEPTED: 3347
🔍 Match found at ngram_size 5: [3347, 39270, 323, 3347, 4938] -> drafts [10431, 624, 12, 358]
✅ Draft ACCEPTED: 10431
❌ Draft REJECTED: expected 624, got 13

=== Lookahead Session: 1779821554 ===
🔍 Match found at ngram_size 3: [4226, 4755, 11] -> drafts [3410, 1995, 11, 323]
✅ Draft ACCEPTED: 3410
✅ Draft ACCEPTED: 1995
✅ Draft ACCEPTED: 11
✅ Draft ACCEPTED: 323
🔍 Match found at ngram_size 5: [3410, 1995, 11, 323, 7789] -> drafts [448, 9079, 198, 12]
✅ Draft ACCEPTED: 448
✅ Draft ACCEPTED: 9079
✅ Draft ACCEPTED: 198
✅ Draft ACCEPTED: 12

=== Lookahead Session: 1779918301 ===
🔍 Match found at ngram_size 3: [8815, 33705, 374] -> drafts [264, 1849, 315, 19819]
❌ Draft REJECTED: expected 264, got 279
🔍 Match found at ngram_size 3: [2219, 44364, 14374] -> drafts [95069, 235, 8429, 2160]
❌ Draft REJECTED: expected 95069, got 11162
🔍 Match found at ngram_size 3: [44364, 14374, 11162] -> drafts [100, 106, 3555, 2160]
❌ Draft REJECTED: expected 100, got 241
🔍 Match found at ngram_size 3: [91, 25521, 227] -> drafts [92984, 760, 14625, 7525]
❌ Draft REJECTED: expected 92984, got 76443
🔍 Match found at ngram_size 3: [9248, 91, 25521] -> drafts [227, 76443, 760, 22150]
✅ Draft ACCEPTED: 227
❌ Draft REJECTED: expected 76443, got 38918
🔍 Match found at ngram_size 3: [9248, 91, 25521] -> drafts [227, 38918, 760, 61531]
✅ Draft ACCEPTED: 227
❌ Draft REJECTED: expected 38918, got 31359
🔍 Match found at ngram_size 3: [518, 892, 2513] -> drafts [2297, 1959, 419, 11508]
✅ Draft ACCEPTED: 2297
❌ Draft REJECTED: expected 1959, got 1365
🔍 Match found at ngram_size 3: [0, 9248, 91] -> drafts [25521, 227, 31359, 355]
✅ Draft ACCEPTED: 25521
✅ Draft ACCEPTED: 227
❌ Draft REJECTED: expected 31359, got 24624
🔍 Match found at ngram_size 3: [5267, 29, 481] -> drafts [2980, 498, 2968, 458]
❌ Draft REJECTED: expected 2980, got 3555

=== Lookahead Session: 1779918367 ===
🔍 Match found at ngram_size 3: [5335, 323, 6803] -> drafts [13, 6771, 752, 1191]
❌ Draft REJECTED: expected 13, got 304
🔍 Match found at ngram_size 3: [1493, 3687, 4494] -> drafts [5577, 4751, 1091, 1101]
❌ Draft REJECTED: expected 5577, got 2293
