
=== Lookahead Session: 1779906011 ===
🔍 Match found at ngram_size 3: [264, 2805, 11521] -> drafts [3364, 911, 264, 38724]
✅ Draft ACCEPTED: 3364
✅ Draft ACCEPTED: 911
✅ Draft ACCEPTED: 264
✅ Draft ACCEPTED: 38724
🔍 Match found at ngram_size 5: [3364, 911, 264, 38724, 323] -> drafts [264, 38835, 10454, 4780]
✅ Draft ACCEPTED: 264
✅ Draft ACCEPTED: 38835
✅ Draft ACCEPTED: 10454
✅ Draft ACCEPTED: 4780
🔍 Match found at ngram_size 5: [264, 38835, 10454, 4780, 304] -> drafts [264, 23702, 13638, 13]
✅ Draft ACCEPTED: 264
✅ Draft ACCEPTED: 23702
✅ Draft ACCEPTED: 13638
✅ Draft ACCEPTED: 13
🔍 Match found at ngram_size 3: [264, 38724, 323] -> drafts [264, 38835, 10454, 4780]
✅ Draft ACCEPTED: 264
✅ Draft ACCEPTED: 38835
❌ Draft REJECTED: expected 10454, got 13
🔍 Match found at ngram_size 3: [1410, 614, 264] -> drafts [12055, 518, 1156, 2293]
❌ Draft REJECTED: expected 12055, got 8177
🔍 Match found at ngram_size 3: [2293, 36760, 279] -> drafts [38835, 374, 264, 66906]
❌ Draft REJECTED: expected 38835, got 13638
🔍 Match found at ngram_size 3: [279, 13638, 11] -> drafts [91272, 279, 38835, 13]
❌ Draft REJECTED: expected 91272, got 476
🔍 Match found at ngram_size 3: [11, 476, 279] -> drafts [9898, 646, 19032, 304]
❌ Draft REJECTED: expected 9898, got 38724
🔍 Match found at ngram_size 3: [3364, 1265, 614] -> drafts [264, 7167, 11, 6149]
✅ Draft ACCEPTED: 264
❌ Draft REJECTED: expected 7167, got 6247
🔍 Match found at ngram_size 3: [13, 4710, 40] -> drafts [1265, 2924, 1045, 23702]
❌ Draft REJECTED: expected 1265, got 1184
🔍 Match found at ngram_size 3: [13, 6771, 752] -> drafts [1744, 911, 1246, 311]
❌ Draft REJECTED: expected 1744, got 21101
🔍 Match found at ngram_size 3: [448, 279, 38724] -> drafts [23966, 279, 13638, 11]
❌ Draft REJECTED: expected 23966, got 594
🔍 Match found at ngram_size 3: [911, 279, 13638] -> drafts [11, 476, 279, 38724]
❌ Draft REJECTED: expected 11, got 13
🔍 Match found at ngram_size 3: [13, 576, 38724] -> drafts [1410, 387, 22208, 323]
❌ Draft REJECTED: expected 1410, got 374
🔍 Match found at ngram_size 3: [11, 714, 279] -> drafts [38724, 374, 537, 16575]
❌ Draft REJECTED: expected 38724, got 38835
🔍 Match found at ngram_size 3: [279, 38835, 374] -> drafts [264, 66906, 11, 714]
❌ Draft REJECTED: expected 264, got 537
🔍 Match found at ngram_size 3: [13, 10696, 279] -> drafts [38835, 32892, 279, 38724]
✅ Draft ACCEPTED: 38835
❌ Draft REJECTED: expected 32892, got 374
🔍 Match found at ngram_size 3: [279, 38835, 374] -> drafts [537, 264, 5899, 13]
❌ Draft REJECTED: expected 537, got 15532
🔍 Match found at ngram_size 3: [279, 38724, 8609] -> drafts [279, 38835, 448, 264]
❌ Draft REJECTED: expected 279, got 13
🔍 Match found at ngram_size 3: [13, 5005, 11] -> drafts [1526, 1045, 23702, 1538]
❌ Draft REJECTED: expected 1526, got 807
🔍 Match found at ngram_size 3: [13, 576, 23702] -> drafts [13638, 1410, 614, 264]
❌ Draft REJECTED: expected 13638, got 2392
🔍 Match found at ngram_size 3: [279, 13638, 13] -> drafts [5005, 19131, 279, 38835]
❌ Draft REJECTED: expected 5005, got 2379
🔍 Match found at ngram_size 3: [11, 358, 1184] -> drafts [311, 5695, 279, 6243]
✅ Draft ACCEPTED: 311
❌ Draft REJECTED: expected 5695, got 3270
🔍 Match found at ngram_size 3: [13, 6771, 752] -> drafts [21101, 279, 3364, 1156]
❌ Draft REJECTED: expected 21101, got 1191
🔍 Match found at ngram_size 3: [1191, 448, 279] -> drafts [38724, 23966, 279, 13638]
✅ Draft ACCEPTED: 38724
❌ Draft REJECTED: expected 23966, got 594
🔍 Match found at ngram_size 4: [448, 279, 38724, 594] -> drafts [40228, 911, 279, 13638]
❌ Draft REJECTED: expected 40228, got 13057
🔍 Match found at ngram_size 3: [13, 10696, 279] -> drafts [38835, 374, 15532, 476]
❌ Draft REJECTED: expected 38835, got 38724
🔍 Match found at ngram_size 3: [279, 38724, 374] -> drafts [537, 16575, 13, 5005]
❌ Draft REJECTED: expected 537, got 6941
🔍 Match found at ngram_size 3: [11, 323, 279] -> drafts [38724, 8609, 13, 5005]
❌ Draft REJECTED: expected 38724, got 38835
🔍 Match found at ngram_size 3: [279, 38835, 374] -> drafts [15532, 476, 304, 12264]
❌ Draft REJECTED: expected 15532, got 6941
🔍 Match found at ngram_size 3: [23966, 279, 13638] -> drafts [11, 91272, 279, 38835]
❌ Draft REJECTED: expected 11, got 13
🔍 Match found at ngram_size 3: [279, 13638, 13] -> drafts [2379, 975, 3786, 311]
❌ Draft REJECTED: expected 2379, got 3776
🔍 Match found at ngram_size 3: [264, 48492, 4916] -> drafts [476, 264, 8177, 1815]
❌ Draft REJECTED: expected 476, got 13
🔍 Match found at ngram_size 3: [663, 28300, 374] -> drafts [264, 3908, 38724, 879]
❌ Draft REJECTED: expected 264, got 26115
🔍 Match found at ngram_size 3: [374, 26115, 11] -> drafts [714, 279, 38835, 374]
✅ Draft ACCEPTED: 714
❌ Draft REJECTED: expected 279, got 48234
🔍 Match found at ngram_size 3: [13, 663, 28300] -> drafts [374, 264, 3908, 38724]
❌ Draft REJECTED: expected 374, got 8609
🔍 Match found at ngram_size 3: [807, 3635, 4780] -> drafts [13, 4710, 785, 3364]
✅ Draft ACCEPTED: 13
✅ Draft ACCEPTED: 4710
✅ Draft ACCEPTED: 785
❌ Draft REJECTED: expected 3364, got 23702
🔍 Match found at ngram_size 3: [23702, 2392, 1410] -> drafts [387, 264, 1376, 311]
✅ Draft ACCEPTED: 387
❌ Draft REJECTED: expected 264, got 279
🔍 Match found at ngram_size 3: [279, 13638, 13] -> drafts [3776, 1899, 11, 1340]
❌ Draft REJECTED: expected 3776, got 31844
🔍 Match found at ngram_size 3: [11, 9027, 862] -> drafts [26509, 52314, 13, 4710]
❌ Draft REJECTED: expected 26509, got 83533
🔍 Match found at ngram_size 3: [11, 323, 279] -> drafts [38835, 374, 6941, 48234]
❌ Draft REJECTED: expected 38835, got 13638
🔍 Match found at ngram_size 3: [13, 576, 3364] -> drafts [1265, 614, 264, 6247]
✅ Draft ACCEPTED: 1265
❌ Draft REJECTED: expected 614, got 11167
🔍 Match found at ngram_size 3: [315, 279, 13638] -> drafts [594, 35964, 13, 2932]
❌ Draft REJECTED: expected 594, got 13
🔍 Match found at ngram_size 3: [279, 13638, 13] -> drafts [31844, 279, 1616, 11]
❌ Draft REJECTED: expected 31844, got 10696
🔍 Match found at ngram_size 3: [13638, 13, 10696] -> drafts [2924, 1045, 4911, 5424]
❌ Draft REJECTED: expected 2924, got 279
🔍 Match found at ngram_size 3: [13, 10696, 279] -> drafts [38724, 374, 6941, 663]
❌ Draft REJECTED: expected 38724, got 13638
🔍 Match found at ngram_size 3: [279, 13638, 5086] -> drafts [54930, 862, 10815, 13]
❌ Draft REJECTED: expected 54930, got 374
🔍 Match found at ngram_size 3: [862, 10815, 13] -> drafts [4710, 7039, 11, 358]
✅ Draft ACCEPTED: 4710
❌ Draft REJECTED: expected 7039, got 40
🔍 Match found at ngram_size 3: [13, 4710, 40] -> drafts [1184, 311, 2506, 432]
✅ Draft ACCEPTED: 1184
✅ Draft ACCEPTED: 311
❌ Draft REJECTED: expected 2506, got 1281
🔍 Match found at ngram_size 3: [23702, 13638, 13] -> drafts [6771, 752, 1744, 911]
❌ Draft REJECTED: expected 6771, got 6928
🔍 Match found at ngram_size 3: [11, 323, 279] -> drafts [13638, 9044, 862, 2114]
❌ Draft REJECTED: expected 13638, got 6785
🔍 Match found at ngram_size 3: [264, 23702, 13638] -> drafts [13, 6771, 752, 1744]
❌ Draft REJECTED: expected 13, got 6243
🔍 Match found at ngram_size 3: [3270, 279, 3364] -> drafts [13, 6771, 752, 1191]
❌ Draft REJECTED: expected 13, got 1431
🔍 Match found at ngram_size 3: [13, 5145, 448] -> drafts [279, 38724, 594, 40228]
❌ Draft REJECTED: expected 279, got 663
🔍 Match found at ngram_size 3: [23966, 279, 13638] -> drafts [13, 3776, 1899, 11]
❌ Draft REJECTED: expected 13, got 11
🔍 Match found at ngram_size 4: [23966, 279, 13638, 11] -> drafts [91272, 279, 38835, 13]
❌ Draft REJECTED: expected 91272, got 1221
🔍 Match found at ngram_size 3: [11, 323, 279] -> drafts [6785, 15274, 315, 862]
❌ Draft REJECTED: expected 6785, got 6247
🔍 Match found at ngram_size 3: [13, 358, 1265] -> drafts [2968, 1105, 12460, 43808]
❌ Draft REJECTED: expected 2968, got 1083
🔍 Match found at ngram_size 3: [862, 26509, 323] -> drafts [279, 23702, 13566, 315]
✅ Draft ACCEPTED: 279
❌ Draft REJECTED: expected 23702, got 13638
🔍 Match found at ngram_size 3: [323, 279, 13638] -> drafts [9044, 862, 2114, 13]
❌ Draft REJECTED: expected 9044, got 594
🔍 Match found at ngram_size 3: [279, 13638, 594] -> drafts [35964, 13, 2932, 52059]
❌ Draft REJECTED: expected 35964, got 10963
🔍 Match found at ngram_size 3: [264, 23071, 273] -> drafts [323, 15634, 48234, 11]
❌ Draft REJECTED: expected 323, got 13
🔍 Match found at ngram_size 3: [13, 1036, 40] -> drafts [3982, 2581, 3884, 264]
❌ Draft REJECTED: expected 3982, got 4249
🔍 Match found at ngram_size 3: [13, 358, 3982] -> drafts [1012, 53963, 369, 264]
❌ Draft REJECTED: expected 1012, got 6617
🔍 Match found at ngram_size 3: [38724, 879, 15803] -> drafts [23966, 279, 13638, 13]
❌ Draft REJECTED: expected 23966, got 279
🔍 Match found at ngram_size 3: [279, 13638, 13] -> drafts [10696, 279, 13638, 5086]
❌ Draft REJECTED: expected 10696, got 358
🔍 Match found at ngram_size 3: [663, 28300, 11] -> drafts [323, 279, 38835, 374]
❌ Draft REJECTED: expected 323, got 3498
🔍 Match found at ngram_size 3: [13, 663, 28300] -> drafts [8609, 48234, 11, 323]
❌ Draft REJECTED: expected 8609, got 11
🔍 Match found at ngram_size 3: [663, 28300, 11] -> drafts [3498, 2058, 45778, 11]
❌ Draft REJECTED: expected 3498, got 389
🔍 Match found at ngram_size 3: [13, 3776, 1899] -> drafts [11, 1340, 357, 57099]
✅ Draft ACCEPTED: 11
❌ Draft REJECTED: expected 1340, got 48234
🔍 Match found at ngram_size 3: [11, 323, 663] -> drafts [28300, 11, 3498, 2058]
✅ Draft ACCEPTED: 28300
❌ Draft REJECTED: expected 11, got 1483
🔍 Match found at ngram_size 3: [279, 48492, 4916] -> drafts [11, 892, 702, 279]
❌ Draft REJECTED: expected 11, got 572
🔍 Match found at ngram_size 3: [315, 279, 13638] -> drafts [13, 10696, 279, 13638]
❌ Draft REJECTED: expected 13, got 748
🔍 Match found at ngram_size 3: [279, 13638, 748] -> drafts [23702, 19970, 382, 2121]
❌ Draft REJECTED: expected 23702, got 23594
🔍 Match found at ngram_size 3: [323, 663, 28300] -> drafts [1483, 1059, 8413, 18241]
❌ Draft REJECTED: expected 1483, got 748
🔍 Match found at ngram_size 3: [279, 48492, 4916] -> drafts [572, 537, 1101, 264]
❌ Draft REJECTED: expected 572, got 748
🔍 Match found at ngram_size 3: [11, 323, 807] -> drafts [3635, 4780, 13, 4710]
❌ Draft REJECTED: expected 3635, got 4362
🔍 Match found at ngram_size 3: [279, 13638, 11] -> drafts [1221, 19131, 48234, 13]
❌ Draft REJECTED: expected 1221, got 21828
🔍 Match found at ngram_size 3: [13, 31844, 279] -> drafts [1616, 11, 807, 3579]
✅ Draft ACCEPTED: 1616
✅ Draft ACCEPTED: 11
✅ Draft ACCEPTED: 807
❌ Draft REJECTED: expected 3579, got 13938
🔍 Match found at ngram_size 3: [13, 663, 28300] -> drafts [11, 389, 279, 1008]
❌ Draft REJECTED: expected 11, got 15599
🔍 Match found at ngram_size 3: [911, 279, 13638] -> drafts [13, 5005, 19131, 279]
❌ Draft REJECTED: expected 13, got 748
🔍 Match found at ngram_size 3: [279, 13638, 748] -> drafts [23594, 13, 11445, 3100]
❌ Draft REJECTED: expected 23594, got 19970
🔍 Match found at ngram_size 3: [8542, 1059, 1246] -> drafts [311, 1477, 279, 8177]
✅ Draft ACCEPTED: 311
❌ Draft REJECTED: expected 1477, got 20876
🔍 Match found at ngram_size 3: [315, 279, 13638] -> drafts [748, 23594, 13, 11445]
❌ Draft REJECTED: expected 748, got 11
🔍 Match found at ngram_size 3: [279, 13638, 11] -> drafts [21828, 435, 77455, 323]
❌ Draft REJECTED: expected 21828, got 1380
🔍 Match found at ngram_size 3: [279, 6319, 5344] -> drafts [572, 3746, 11, 323]
❌ Draft REJECTED: expected 572, got 1030
🔍 Match found at ngram_size 3: [4916, 748, 2355] -> drafts [311, 14952, 8172, 13]
✅ Draft ACCEPTED: 311
❌ Draft REJECTED: expected 14952, got 8943
🔍 Match found at ngram_size 3: [11, 323, 279] -> drafts [6247, 13391, 13, 7405]
❌ Draft REJECTED: expected 6247, got 4916
🔍 Match found at ngram_size 3: [279, 4916, 748] -> drafts [2355, 311, 8943, 812]
❌ Draft REJECTED: expected 2355, got 35966
🔍 Match found at ngram_size 3: [11, 663, 28300] -> drafts [374, 26115, 11, 714]
❌ Draft REJECTED: expected 374, got 323
🔍 Match found at ngram_size 3: [279, 13638, 11] -> drafts [1380, 279, 6319, 5344]
❌ Draft REJECTED: expected 1380, got 8910
🔍 Match found at ngram_size 3: [13, 576, 4916] -> drafts [748, 3100, 7737, 31324]
❌ Draft REJECTED: expected 748, got 11
🔍 Match found at ngram_size 3: [315, 862, 26509] -> drafts [13, 13655, 279, 16232]
❌ Draft REJECTED: expected 13, got 11
🔍 Match found at ngram_size 3: [96974, 287, 34748] -> drafts [1091, 3512, 1573, 11]
❌ Draft REJECTED: expected 1091, got 11
🔍 Match found at ngram_size 3: [264, 38724, 323] -> drafts [264, 38835, 13, 358]
✅ Draft ACCEPTED: 264
✅ Draft ACCEPTED: 38835
❌ Draft REJECTED: expected 13, got 6116

=== Lookahead Session: 1779906442 ===
🔍 Match found at ngram_size 3: [264, 2805, 11521] -> drafts [3364, 911, 264, 38724]
✅ Draft ACCEPTED: 3364
✅ Draft ACCEPTED: 911
✅ Draft ACCEPTED: 264
✅ Draft ACCEPTED: 38724
🔍 Match found at ngram_size 5: [3364, 911, 264, 38724, 323] -> drafts [264, 38835, 10454, 4780]
✅ Draft ACCEPTED: 264
✅ Draft ACCEPTED: 38835
✅ Draft ACCEPTED: 10454
✅ Draft ACCEPTED: 4780
🔍 Match found at ngram_size 5: [264, 38835, 10454, 4780, 304] -> drafts [264, 23702, 13638, 13]
✅ Draft ACCEPTED: 264
✅ Draft ACCEPTED: 23702
✅ Draft ACCEPTED: 13638
✅ Draft ACCEPTED: 13
🔍 Match found at ngram_size 3: [264, 38724, 323] -> drafts [264, 38835, 10454, 4780]
✅ Draft ACCEPTED: 264
✅ Draft ACCEPTED: 38835
❌ Draft REJECTED: expected 10454, got 13
🔍 Match found at ngram_size 3: [1410, 614, 264] -> drafts [12055, 518, 1156, 2293]
❌ Draft REJECTED: expected 12055, got 8177
🔍 Match found at ngram_size 3: [2293, 36760, 279] -> drafts [38835, 374, 264, 66906]
❌ Draft REJECTED: expected 38835, got 13638
🔍 Match found at ngram_size 3: [279, 13638, 11] -> drafts [91272, 279, 38835, 13]
❌ Draft REJECTED: expected 91272, got 476
🔍 Match found at ngram_size 3: [11, 476, 279] -> drafts [9898, 646, 19032, 304]
❌ Draft REJECTED: expected 9898, got 38724
🔍 Match found at ngram_size 3: [3364, 1265, 614] -> drafts [264, 7167, 11, 6149]
✅ Draft ACCEPTED: 264
❌ Draft REJECTED: expected 7167, got 6247
🔍 Match found at ngram_size 3: [13, 4710, 40] -> drafts [1265, 2924, 1045, 23702]
❌ Draft REJECTED: expected 1265, got 1184
🔍 Match found at ngram_size 3: [13, 6771, 752] -> drafts [1744, 911, 1246, 311]
❌ Draft REJECTED: expected 1744, got 21101
🔍 Match found at ngram_size 3: [448, 279, 38724] -> drafts [23966, 279, 13638, 11]
❌ Draft REJECTED: expected 23966, got 594
🔍 Match found at ngram_size 3: [911, 279, 13638] -> drafts [11, 476, 279, 38724]
❌ Draft REJECTED: expected 11, got 13
🔍 Match found at ngram_size 3: [13, 576, 38724] -> drafts [1410, 387, 22208, 323]
❌ Draft REJECTED: expected 1410, got 374
🔍 Match found at ngram_size 3: [11, 714, 279] -> drafts [38724, 374, 537, 16575]
❌ Draft REJECTED: expected 38724, got 38835
🔍 Match found at ngram_size 3: [279, 38835, 374] -> drafts [264, 66906, 11, 714]
❌ Draft REJECTED: expected 264, got 537
🔍 Match found at ngram_size 3: [13, 10696, 279] -> drafts [38835, 32892, 279, 38724]
✅ Draft ACCEPTED: 38835
❌ Draft REJECTED: expected 32892, got 374
🔍 Match found at ngram_size 3: [279, 38835, 374] -> drafts [537, 264, 5899, 13]
❌ Draft REJECTED: expected 537, got 15532
🔍 Match found at ngram_size 3: [279, 38724, 8609] -> drafts [279, 38835, 448, 264]
❌ Draft REJECTED: expected 279, got 13
🔍 Match found at ngram_size 3: [13, 5005, 11] -> drafts [1526, 1045, 23702, 1538]
❌ Draft REJECTED: expected 1526, got 807
🔍 Match found at ngram_size 3: [13, 576, 23702] -> drafts [13638, 1410, 614, 264]
❌ Draft REJECTED: expected 13638, got 2392
🔍 Match found at ngram_size 3: [279, 13638, 13] -> drafts [5005, 19131, 279, 38835]
❌ Draft REJECTED: expected 5005, got 2379
🔍 Match found at ngram_size 3: [11, 358, 1184] -> drafts [311, 5695, 279, 6243]
✅ Draft ACCEPTED: 311
❌ Draft REJECTED: expected 5695, got 3270
🔍 Match found at ngram_size 3: [13, 6771, 752] -> drafts [21101, 279, 3364, 1156]
❌ Draft REJECTED: expected 21101, got 1191
🔍 Match found at ngram_size 3: [1191, 448, 279] -> drafts [38724, 23966, 279, 13638]
✅ Draft ACCEPTED: 38724
❌ Draft REJECTED: expected 23966, got 594
🔍 Match found at ngram_size 4: [448, 279, 38724, 594] -> drafts [40228, 911, 279, 13638]
❌ Draft REJECTED: expected 40228, got 13057
🔍 Match found at ngram_size 3: [13, 10696, 279] -> drafts [38835, 374, 15532, 476]
❌ Draft REJECTED: expected 38835, got 38724
🔍 Match found at ngram_size 3: [279, 38724, 374] -> drafts [537, 16575, 13, 5005]
❌ Draft REJECTED: expected 537, got 6941
🔍 Match found at ngram_size 3: [11, 323, 279] -> drafts [38724, 8609, 13, 5005]
❌ Draft REJECTED: expected 38724, got 38835
🔍 Match found at ngram_size 3: [279, 38835, 374] -> drafts [15532, 476, 304, 12264]
❌ Draft REJECTED: expected 15532, got 6941
🔍 Match found at ngram_size 3: [23966, 279, 13638] -> drafts [11, 91272, 279, 38835]
❌ Draft REJECTED: expected 11, got 13
🔍 Match found at ngram_size 3: [279, 13638, 13] -> drafts [2379, 975, 3786, 311]
❌ Draft REJECTED: expected 2379, got 3776
🔍 Match found at ngram_size 3: [264, 48492, 4916] -> drafts [476, 264, 8177, 1815]
❌ Draft REJECTED: expected 476, got 13
🔍 Match found at ngram_size 3: [663, 28300, 374] -> drafts [264, 3908, 38724, 879]
❌ Draft REJECTED: expected 264, got 26115
🔍 Match found at ngram_size 3: [374, 26115, 11] -> drafts [714, 279, 38835, 374]
✅ Draft ACCEPTED: 714
❌ Draft REJECTED: expected 279, got 48234
🔍 Match found at ngram_size 3: [13, 663, 28300] -> drafts [374, 264, 3908, 38724]
❌ Draft REJECTED: expected 374, got 8609
🔍 Match found at ngram_size 3: [807, 3635, 4780] -> drafts [13, 4710, 785, 3364]
✅ Draft ACCEPTED: 13
✅ Draft ACCEPTED: 4710
✅ Draft ACCEPTED: 785
❌ Draft REJECTED: expected 3364, got 23702
🔍 Match found at ngram_size 3: [23702, 2392, 1410] -> drafts [387, 264, 1376, 311]
✅ Draft ACCEPTED: 387
❌ Draft REJECTED: expected 264, got 279
🔍 Match found at ngram_size 3: [279, 13638, 13] -> drafts [3776, 1899, 11, 1340]
❌ Draft REJECTED: expected 3776, got 31844
🔍 Match found at ngram_size 3: [11, 9027, 862] -> drafts [26509, 52314, 13, 4710]
❌ Draft REJECTED: expected 26509, got 83533
🔍 Match found at ngram_size 3: [11, 323, 279] -> drafts [38835, 374, 6941, 48234]
❌ Draft REJECTED: expected 38835, got 13638
🔍 Match found at ngram_size 3: [13, 576, 3364] -> drafts [1265, 614, 264, 6247]
✅ Draft ACCEPTED: 1265
❌ Draft REJECTED: expected 614, got 11167
🔍 Match found at ngram_size 3: [315, 279, 13638] -> drafts [594, 35964, 13, 2932]
❌ Draft REJECTED: expected 594, got 13
🔍 Match found at ngram_size 3: [279, 13638, 13] -> drafts [31844, 279, 1616, 11]
❌ Draft REJECTED: expected 31844, got 10696
🔍 Match found at ngram_size 3: [13638, 13, 10696] -> drafts [2924, 1045, 4911, 5424]
❌ Draft REJECTED: expected 2924, got 279
🔍 Match found at ngram_size 3: [13, 10696, 279] -> drafts [38724, 374, 6941, 663]
❌ Draft REJECTED: expected 38724, got 13638
🔍 Match found at ngram_size 3: [279, 13638, 5086] -> drafts [54930, 862, 10815, 13]
❌ Draft REJECTED: expected 54930, got 374
🔍 Match found at ngram_size 3: [862, 10815, 13] -> drafts [4710, 7039, 11, 358]
✅ Draft ACCEPTED: 4710
❌ Draft REJECTED: expected 7039, got 40
🔍 Match found at ngram_size 3: [13, 4710, 40] -> drafts [1184, 311, 2506, 432]
✅ Draft ACCEPTED: 1184
✅ Draft ACCEPTED: 311
❌ Draft REJECTED: expected 2506, got 1281
🔍 Match found at ngram_size 3: [23702, 13638, 13] -> drafts [6771, 752, 1744, 911]
❌ Draft REJECTED: expected 6771, got 6928
🔍 Match found at ngram_size 3: [11, 323, 279] -> drafts [13638, 9044, 862, 2114]
❌ Draft REJECTED: expected 13638, got 6785
🔍 Match found at ngram_size 3: [264, 23702, 13638] -> drafts [13, 6771, 752, 1744]
❌ Draft REJECTED: expected 13, got 6243
🔍 Match found at ngram_size 3: [3270, 279, 3364] -> drafts [13, 6771, 752, 1191]
❌ Draft REJECTED: expected 13, got 1431
🔍 Match found at ngram_size 3: [13, 5145, 448] -> drafts [279, 38724, 594, 40228]
❌ Draft REJECTED: expected 279, got 663
🔍 Match found at ngram_size 3: [23966, 279, 13638] -> drafts [13, 3776, 1899, 11]
❌ Draft REJECTED: expected 13, got 11
🔍 Match found at ngram_size 4: [23966, 279, 13638, 11] -> drafts [91272, 279, 38835, 13]
❌ Draft REJECTED: expected 91272, got 1221
🔍 Match found at ngram_size 3: [11, 323, 279] -> drafts [6785, 15274, 315, 862]
❌ Draft REJECTED: expected 6785, got 6247
🔍 Match found at ngram_size 3: [13, 358, 1265] -> drafts [2968, 1105, 12460, 43808]
❌ Draft REJECTED: expected 2968, got 1083
🔍 Match found at ngram_size 3: [862, 26509, 323] -> drafts [279, 23702, 13566, 315]
✅ Draft ACCEPTED: 279
❌ Draft REJECTED: expected 23702, got 13638
🔍 Match found at ngram_size 3: [323, 279, 13638] -> drafts [9044, 862, 2114, 13]
❌ Draft REJECTED: expected 9044, got 594
🔍 Match found at ngram_size 3: [279, 13638, 594] -> drafts [35964, 13, 2932, 52059]
❌ Draft REJECTED: expected 35964, got 10963
🔍 Match found at ngram_size 3: [264, 23071, 273] -> drafts [323, 15634, 48234, 11]
❌ Draft REJECTED: expected 323, got 13
🔍 Match found at ngram_size 3: [13, 1036, 40] -> drafts [3982, 2581, 3884, 264]
❌ Draft REJECTED: expected 3982, got 4249
🔍 Match found at ngram_size 3: [13, 358, 3982] -> drafts [1012, 53963, 369, 264]
❌ Draft REJECTED: expected 1012, got 6617
🔍 Match found at ngram_size 3: [38724, 879, 15803] -> drafts [23966, 279, 13638, 13]
❌ Draft REJECTED: expected 23966, got 279
🔍 Match found at ngram_size 3: [279, 13638, 13] -> drafts [10696, 279, 13638, 5086]
❌ Draft REJECTED: expected 10696, got 358
🔍 Match found at ngram_size 3: [663, 28300, 11] -> drafts [323, 279, 38835, 374]
❌ Draft REJECTED: expected 323, got 3498
🔍 Match found at ngram_size 3: [13, 663, 28300] -> drafts [8609, 48234, 11, 323]
❌ Draft REJECTED: expected 8609, got 11
🔍 Match found at ngram_size 3: [663, 28300, 11] -> drafts [3498, 2058, 45778, 11]
❌ Draft REJECTED: expected 3498, got 389
🔍 Match found at ngram_size 3: [13, 3776, 1899] -> drafts [11, 1340, 357, 57099]
✅ Draft ACCEPTED: 11
❌ Draft REJECTED: expected 1340, got 48234
🔍 Match found at ngram_size 3: [11, 323, 663] -> drafts [28300, 11, 3498, 2058]
✅ Draft ACCEPTED: 28300
❌ Draft REJECTED: expected 11, got 1483
🔍 Match found at ngram_size 3: [279, 48492, 4916] -> drafts [11, 892, 702, 279]
❌ Draft REJECTED: expected 11, got 572
🔍 Match found at ngram_size 3: [315, 279, 13638] -> drafts [13, 10696, 279, 13638]
❌ Draft REJECTED: expected 13, got 748
🔍 Match found at ngram_size 3: [279, 13638, 748] -> drafts [23702, 19970, 382, 2121]
❌ Draft REJECTED: expected 23702, got 23594
🔍 Match found at ngram_size 3: [323, 663, 28300] -> drafts [1483, 1059, 8413, 18241]
❌ Draft REJECTED: expected 1483, got 748
🔍 Match found at ngram_size 3: [279, 48492, 4916] -> drafts [572, 537, 1101, 264]
❌ Draft REJECTED: expected 572, got 748
🔍 Match found at ngram_size 3: [11, 323, 807] -> drafts [3635, 4780, 13, 4710]
❌ Draft REJECTED: expected 3635, got 4362
🔍 Match found at ngram_size 3: [279, 13638, 11] -> drafts [1221, 19131, 48234, 13]
❌ Draft REJECTED: expected 1221, got 21828
🔍 Match found at ngram_size 3: [13, 31844, 279] -> drafts [1616, 11, 807, 3579]
✅ Draft ACCEPTED: 1616
✅ Draft ACCEPTED: 11
✅ Draft ACCEPTED: 807
❌ Draft REJECTED: expected 3579, got 13938
🔍 Match found at ngram_size 3: [13, 663, 28300] -> drafts [11, 389, 279, 1008]
❌ Draft REJECTED: expected 11, got 15599
🔍 Match found at ngram_size 3: [911, 279, 13638] -> drafts [13, 5005, 19131, 279]
❌ Draft REJECTED: expected 13, got 748
🔍 Match found at ngram_size 3: [279, 13638, 748] -> drafts [23594, 13, 11445, 3100]
❌ Draft REJECTED: expected 23594, got 19970
🔍 Match found at ngram_size 3: [8542, 1059, 1246] -> drafts [311, 1477, 279, 8177]
✅ Draft ACCEPTED: 311
❌ Draft REJECTED: expected 1477, got 20876
🔍 Match found at ngram_size 3: [315, 279, 13638] -> drafts [748, 23594, 13, 11445]
❌ Draft REJECTED: expected 748, got 11
🔍 Match found at ngram_size 3: [279, 13638, 11] -> drafts [21828, 435, 77455, 323]
❌ Draft REJECTED: expected 21828, got 1380
🔍 Match found at ngram_size 3: [279, 6319, 5344] -> drafts [572, 3746, 11, 323]
❌ Draft REJECTED: expected 572, got 1030
🔍 Match found at ngram_size 3: [4916, 748, 2355] -> drafts [311, 14952, 8172, 13]
✅ Draft ACCEPTED: 311
❌ Draft REJECTED: expected 14952, got 8943
🔍 Match found at ngram_size 3: [11, 323, 279] -> drafts [6247, 13391, 13, 7405]
❌ Draft REJECTED: expected 6247, got 4916
🔍 Match found at ngram_size 3: [279, 4916, 748] -> drafts [2355, 311, 8943, 812]
❌ Draft REJECTED: expected 2355, got 35966
🔍 Match found at ngram_size 3: [11, 663, 28300] -> drafts [374, 26115, 11, 714]
❌ Draft REJECTED: expected 374, got 323
🔍 Match found at ngram_size 3: [279, 13638, 11] -> drafts [1380, 279, 6319, 5344]
❌ Draft REJECTED: expected 1380, got 8910
🔍 Match found at ngram_size 3: [13, 576, 4916] -> drafts [748, 3100, 7737, 31324]
❌ Draft REJECTED: expected 748, got 11
🔍 Match found at ngram_size 3: [315, 862, 26509] -> drafts [13, 13655, 279, 16232]
❌ Draft REJECTED: expected 13, got 11
🔍 Match found at ngram_size 3: [96974, 287, 34748] -> drafts [1091, 3512, 1573, 11]
❌ Draft REJECTED: expected 1091, got 11
🔍 Match found at ngram_size 3: [264, 38724, 323] -> drafts [264, 38835, 13, 358]
✅ Draft ACCEPTED: 264
✅ Draft ACCEPTED: 38835
❌ Draft REJECTED: expected 13, got 6116

=== Lookahead Session: 1779906569 ===
🔍 Match found at ngram_size 3: [220, 16, 311] -> drafts [220, 17, 15, 12632]
✅ Draft ACCEPTED: 220
✅ Draft ACCEPTED: 17
✅ Draft ACCEPTED: 15
❌ Draft REJECTED: expected 12632, got 13
🔍 Match found at ngram_size 3: [11, 279, 1196] -> drafts [6801, 752, 311, 1855]
❌ Draft REJECTED: expected 6801, got 1053
🔍 Match found at ngram_size 3: [264, 1140, 315] -> drafts [5109, 476, 264, 4285]
✅ Draft ACCEPTED: 5109
❌ Draft REJECTED: expected 476, got 504
🔍 Match found at ngram_size 3: [504, 220, 16] -> drafts [311, 220, 17, 15]
✅ Draft ACCEPTED: 311
✅ Draft ACCEPTED: 220
✅ Draft ACCEPTED: 17
✅ Draft ACCEPTED: 15
🔍 Match found at ngram_size 5: [311, 220, 17, 15, 13] -> drafts [6771, 752, 1744, 911]
✅ Draft ACCEPTED: 6771
✅ Draft ACCEPTED: 752
❌ Draft REJECTED: expected 1744, got 7683
🔍 Match found at ngram_size 3: [11, 358, 1184] -> drafts [311, 37163, 1128, 807]
✅ Draft ACCEPTED: 311
❌ Draft REJECTED: expected 37163, got 1414
🔍 Match found at ngram_size 3: [807, 1366, 264] -> drafts [1140, 315, 5109, 504]
✅ Draft ACCEPTED: 1140
✅ Draft ACCEPTED: 315
✅ Draft ACCEPTED: 5109
❌ Draft REJECTED: expected 504, got 382
🔍 Match found at ngram_size 3: [11, 220, 16] -> drafts [15, 11, 220, 16]
❌ Draft REJECTED: expected 15, got 16
🔍 Match found at ngram_size 3: [16, 11, 220] -> drafts [17, 11, 220, 18]
❌ Draft REJECTED: expected 17, got 16
🔍 Match found at ngram_size 3: [11, 220, 16] -> drafts [16, 11, 220, 16]
❌ Draft REJECTED: expected 16, got 17
🔍 Match found at ngram_size 3: [17, 11, 220] -> drafts [18, 11, 220, 19]
❌ Draft REJECTED: expected 18, got 16
🔍 Match found at ngram_size 3: [11, 220, 16] -> drafts [17, 11, 220, 16]
❌ Draft REJECTED: expected 17, got 18
🔍 Match found at ngram_size 3: [18, 11, 220] -> drafts [19, 11, 220, 20]
❌ Draft REJECTED: expected 19, got 16
🔍 Match found at ngram_size 3: [11, 220, 16] -> drafts [18, 11, 220, 16]
❌ Draft REJECTED: expected 18, got 19
🔍 Match found at ngram_size 3: [19, 11, 220] -> drafts [20, 11, 220, 21]
❌ Draft REJECTED: expected 20, got 16
🔍 Match found at ngram_size 3: [11, 220, 16] -> drafts [19, 11, 220, 16]
❌ Draft REJECTED: expected 19, got 20
🔍 Match found at ngram_size 3: [20, 11, 220] -> drafts [21, 11, 220, 22]
❌ Draft REJECTED: expected 21, got 16
🔍 Match found at ngram_size 3: [11, 220, 16] -> drafts [20, 11, 220, 16]
❌ Draft REJECTED: expected 20, got 21
🔍 Match found at ngram_size 3: [21, 11, 220] -> drafts [22, 11, 220, 23]
❌ Draft REJECTED: expected 22, got 16
🔍 Match found at ngram_size 3: [11, 220, 16] -> drafts [21, 11, 220, 16]
❌ Draft REJECTED: expected 21, got 22
🔍 Match found at ngram_size 3: [22, 11, 220] -> drafts [23, 11, 220, 24]
❌ Draft REJECTED: expected 23, got 16
🔍 Match found at ngram_size 3: [11, 220, 16] -> drafts [22, 11, 220, 16]
❌ Draft REJECTED: expected 22, got 23
🔍 Match found at ngram_size 3: [23, 11, 220] -> drafts [24, 11, 220, 16]
❌ Draft REJECTED: expected 24, got 16
🔍 Match found at ngram_size 3: [11, 220, 16] -> drafts [23, 11, 220, 16]
❌ Draft REJECTED: expected 23, got 24
🔍 Match found at ngram_size 3: [24, 11, 220] -> drafts [16, 15, 11, 220]
❌ Draft REJECTED: expected 16, got 17
🔍 Match found at ngram_size 3: [11, 220, 17] -> drafts [11, 220, 18, 11]
❌ Draft REJECTED: expected 11, got 15
🔍 Match found at ngram_size 3: [220, 17, 15] -> drafts [13, 6771, 752, 7683]
✅ Draft ACCEPTED: 13
❌ Draft REJECTED: expected 6771, got 2938
🔍 Match found at ngram_size 3: [2494, 770, 11] -> drafts [1075, 264, 1140, 315]
✅ Draft ACCEPTED: 1075
✅ Draft ACCEPTED: 264
❌ Draft REJECTED: expected 1140, got 1965
🔍 Match found at ngram_size 3: [264, 4285, 1140] -> drafts [13, 1988, 421, 807]
❌ Draft REJECTED: expected 13, got 4977
🔍 Match found at ngram_size 3: [264, 1140, 315] -> drafts [5109, 382, 10061, 752]
✅ Draft ACCEPTED: 5109
❌ Draft REJECTED: expected 382, got 504
🔍 Match found at ngram_size 5: [264, 1140, 315, 5109, 504] -> drafts [220, 16, 311, 220]
✅ Draft ACCEPTED: 220
✅ Draft ACCEPTED: 16
✅ Draft ACCEPTED: 311
✅ Draft ACCEPTED: 220
🔍 Match found at ngram_size 5: [220, 16, 311, 220, 17] -> drafts [15, 13, 6771, 752]
✅ Draft ACCEPTED: 15
❌ Draft REJECTED: expected 13, got 1447
🔍 Match found at ngram_size 3: [16, 11, 220] -> drafts [16, 17, 11, 220]
❌ Draft REJECTED: expected 16, got 17
🔍 Match found at ngram_size 4: [16, 11, 220, 17] -> drafts [11, 220, 18, 11]
✅ Draft ACCEPTED: 11
✅ Draft ACCEPTED: 220
✅ Draft ACCEPTED: 18
✅ Draft ACCEPTED: 11
🔍 Match found at ngram_size 5: [11, 220, 18, 11, 220] -> drafts [19, 11, 220, 20]
✅ Draft ACCEPTED: 19
✅ Draft ACCEPTED: 11
✅ Draft ACCEPTED: 220
✅ Draft ACCEPTED: 20
🔍 Match found at ngram_size 5: [19, 11, 220, 20, 11] -> drafts [220, 21, 11, 220]
✅ Draft ACCEPTED: 220
✅ Draft ACCEPTED: 21
✅ Draft ACCEPTED: 11
✅ Draft ACCEPTED: 220
🔍 Match found at ngram_size 5: [220, 21, 11, 220, 22] -> drafts [11, 220, 23, 11]
✅ Draft ACCEPTED: 11
✅ Draft ACCEPTED: 220
✅ Draft ACCEPTED: 23
✅ Draft ACCEPTED: 11
🔍 Match found at ngram_size 5: [11, 220, 23, 11, 220] -> drafts [24, 11, 220, 16]
✅ Draft ACCEPTED: 24
✅ Draft ACCEPTED: 11
✅ Draft ACCEPTED: 220
✅ Draft ACCEPTED: 16
🔍 Match found at ngram_size 5: [24, 11, 220, 16, 15] -> drafts [11, 220, 16, 16]
✅ Draft ACCEPTED: 11
✅ Draft ACCEPTED: 220
✅ Draft ACCEPTED: 16
✅ Draft ACCEPTED: 16
🔍 Match found at ngram_size 5: [11, 220, 16, 16, 11] -> drafts [220, 16, 17, 11]
✅ Draft ACCEPTED: 220
✅ Draft ACCEPTED: 16
✅ Draft ACCEPTED: 17
✅ Draft ACCEPTED: 11
🔍 Match found at ngram_size 5: [220, 16, 17, 11, 220] -> drafts [16, 18, 11, 220]
✅ Draft ACCEPTED: 16
✅ Draft ACCEPTED: 18
✅ Draft ACCEPTED: 11
✅ Draft ACCEPTED: 220
🔍 Match found at ngram_size 5: [16, 18, 11, 220, 16] -> drafts [19, 11, 220, 16]
✅ Draft ACCEPTED: 19
✅ Draft ACCEPTED: 11
✅ Draft ACCEPTED: 220
✅ Draft ACCEPTED: 16
🔍 Match found at ngram_size 5: [19, 11, 220, 16, 20] -> drafts [11, 220, 16, 21]
✅ Draft ACCEPTED: 11
✅ Draft ACCEPTED: 220
✅ Draft ACCEPTED: 16
✅ Draft ACCEPTED: 21
🔍 Match found at ngram_size 5: [11, 220, 16, 21, 11] -> drafts [220, 16, 22, 11]
✅ Draft ACCEPTED: 220
✅ Draft ACCEPTED: 16
✅ Draft ACCEPTED: 22
✅ Draft ACCEPTED: 11
🔍 Match found at ngram_size 5: [220, 16, 22, 11, 220] -> drafts [16, 23, 11, 220]
✅ Draft ACCEPTED: 16
✅ Draft ACCEPTED: 23
✅ Draft ACCEPTED: 11
✅ Draft ACCEPTED: 220
🔍 Match found at ngram_size 5: [16, 23, 11, 220, 16] -> drafts [24, 11, 220, 17]
✅ Draft ACCEPTED: 24
✅ Draft ACCEPTED: 11
✅ Draft ACCEPTED: 220
✅ Draft ACCEPTED: 17
🔍 Match found at ngram_size 5: [24, 11, 220, 17, 15] -> drafts [13, 2938, 594, 30339]
❌ Draft REJECTED: expected 13, got 271
🔍 Match found at ngram_size 3: [8791, 2494, 770] -> drafts [11, 1075, 264, 1965]
❌ Draft REJECTED: expected 11, got 0

=== Lookahead Session: 1779907386 ===
🔍 Match found at ngram_size 3: [624, 12, 3070] -> drafts [4173, 95518, 15235, 646]
❌ Draft REJECTED: expected 4173, got 28256
🔍 Match found at ngram_size 3: [624, 12, 3070] -> drafts [28256, 8303, 95518, 7718]
❌ Draft REJECTED: expected 28256, got 5405
🔍 Match found at ngram_size 3: [95518, 15235, 374] -> drafts [1483, 304, 5257, 5043]
❌ Draft REJECTED: expected 1483, got 10454

=== Lookahead Session: 1779907428 ===
🔍 Match found at ngram_size 3: [11, 892, 374] -> drafts [678, 911, 6825, 12645]
❌ Draft REJECTED: expected 678, got 1128
🔍 Match found at ngram_size 3: [15235, 11, 892] -> drafts [374, 1128, 582, 990]
✅ Draft ACCEPTED: 374
❌ Draft REJECTED: expected 1128, got 803
🔍 Match found at ngram_size 3: [13, 5005, 1052] -> drafts [594, 7205, 15235, 11]
✅ Draft ACCEPTED: 594
❌ Draft REJECTED: expected 7205, got 5538
🔍 Match found at ngram_size 3: [264, 2696, 315] -> drafts [20959, 11, 432, 646]
❌ Draft REJECTED: expected 20959, got 5671
🔍 Match found at ngram_size 3: [13, 2619, 594] -> drafts [15026, 15235, 11, 892]
❌ Draft REJECTED: expected 15026, got 279
🔍 Match found at ngram_size 3: [13, 2619, 594] -> drafts [279, 4265, 315, 15470]
❌ Draft REJECTED: expected 279, got 1083
🔍 Match found at ngram_size 3: [11, 15235, 374] -> drafts [304, 697, 4540, 594]
❌ Draft REJECTED: expected 304, got 911
🔍 Match found at ngram_size 3: [12645, 429, 646] -> drafts [2736, 9079, 429, 5990]
✅ Draft ACCEPTED: 2736
✅ Draft ACCEPTED: 9079
✅ Draft ACCEPTED: 429
❌ Draft REJECTED: expected 5990, got 1373
🔍 Match found at ngram_size 3: [1373, 3738, 11229] -> drafts [13, 2938, 5646, 2513]
✅ Draft ACCEPTED: 13
❌ Draft REJECTED: expected 2938, got 1084
🔍 Match found at ngram_size 3: [13, 1084, 594] -> drafts [2989, 311, 4717, 15987]
❌ Draft REJECTED: expected 2989, got 1483
🔍 Match found at ngram_size 3: [374, 264, 2409] -> drafts [949, 315, 432, 11]
✅ Draft ACCEPTED: 949
✅ Draft ACCEPTED: 315
❌ Draft REJECTED: expected 432, got 1039
🔍 Match found at ngram_size 3: [13, 6771, 752] -> drafts [1191, 553, 25021, 1128]
❌ Draft REJECTED: expected 1191, got 1414
🔍 Match found at ngram_size 3: [498, 1366, 311] -> drafts [1414, 911, 15235, 13]
❌ Draft REJECTED: expected 1414, got 29863
🔍 Match found at ngram_size 3: [429, 646, 2736] -> drafts [9079, 429, 1373, 3738]
✅ Draft ACCEPTED: 9079
❌ Draft REJECTED: expected 429, got 22703
🔍 Match found at ngram_size 3: [4128, 11, 323] -> drafts [1496, 3259, 11181, 382]
❌ Draft REJECTED: expected 1496, got 1281
🔍 Match found at ngram_size 3: [2736, 9079, 429] -> drafts [1373, 3738, 11229, 13]
❌ Draft REJECTED: expected 1373, got 1033
🔍 Match found at ngram_size 3: [44364, 14374, 3070] -> drafts [3838, 374, 15235, 30]
❌ Draft REJECTED: expected 3838, got 4173
🔍 Match found at ngram_size 3: [2303, 256, 481] -> drafts [47425, 369, 3151, 9079]
❌ Draft REJECTED: expected 47425, got 7496
🔍 Match found at ngram_size 3: [2303, 256, 481] -> drafts [7496, 4185, 3351, 13]
❌ Draft REJECTED: expected 7496, got 25311
🔍 Match found at ngram_size 3: [11, 656, 59711] -> drafts [9331, 990, 15235, 311]
✅ Draft ACCEPTED: 9331
❌ Draft REJECTED: expected 990, got 382
🔍 Match found at ngram_size 3: [15235, 32295, 25] -> drafts [2303, 256, 481, 47425]
✅ Draft ACCEPTED: 2303
✅ Draft ACCEPTED: 256
✅ Draft ACCEPTED: 481
❌ Draft REJECTED: expected 47425, got 38415
🔍 Match found at ngram_size 3: [264, 3738, 646] -> drafts [13, 1988, 358, 1744]
✅ Draft ACCEPTED: 13
❌ Draft REJECTED: expected 1988, got 2303
🔍 Match found at ngram_size 3: [13, 2303, 256] -> drafts [481, 25311, 25, 74974]
✅ Draft ACCEPTED: 481
❌ Draft REJECTED: expected 25311, got 2806
🔍 Match found at ngram_size 3: [13, 2303, 256] -> drafts [481, 2806, 3602, 16994]
✅ Draft ACCEPTED: 481
❌ Draft REJECTED: expected 2806, got 34916
🔍 Match found at ngram_size 3: [2303, 256, 481] -> drafts [34916, 14078, 304, 8038]
❌ Draft REJECTED: expected 34916, got 15235
🔍 Match found at ngram_size 3: [13, 2303, 256] -> drafts [481, 34916, 14078, 304]
✅ Draft ACCEPTED: 481
❌ Draft REJECTED: expected 34916, got 362
🔍 Match found at ngram_size 3: [382, 44364, 14374] -> drafts [3070, 4173, 315, 15235]
✅ Draft ACCEPTED: 3070
❌ Draft REJECTED: expected 4173, got 1592
🔍 Match found at ngram_size 3: [1019, 12, 3070] -> drafts [10398, 95518, 15235, 17601]
❌ Draft REJECTED: expected 10398, got 21605
🔍 Match found at ngram_size 3: [504, 821, 2041] -> drafts [1660, 20975, 55068, 13]
❌ Draft REJECTED: expected 1660, got 11464
🔍 Match found at ngram_size 3: [29728, 14155, 448] -> drafts [1657, 13617, 311, 1614]
✅ Draft ACCEPTED: 1657
✅ Draft ACCEPTED: 13617
✅ Draft ACCEPTED: 311
✅ Draft ACCEPTED: 1614
🔍 Match found at ngram_size 5: [1657, 13617, 311, 1614, 6351] -> drafts [12624, 13, 358, 3003]
❌ Draft REJECTED: expected 12624, got 821
🔍 Match found at ngram_size 3: [320, 68, 1302] -> drafts [2572, 7743, 56519, 11]
✅ Draft ACCEPTED: 2572
❌ Draft REJECTED: expected 7743, got 5335
🔍 Match found at ngram_size 3: [2303, 12, 3070] -> drafts [33464, 20909, 95518, 362]
❌ Draft REJECTED: expected 33464, got 54281
🔍 Match found at ngram_size 3: [13, 2303, 12] -> drafts [3070, 33464, 20909, 95518]
✅ Draft ACCEPTED: 3070
❌ Draft REJECTED: expected 33464, got 37332
🔍 Match found at ngram_size 3: [320, 68, 1302] -> drafts [2572, 5335, 11, 8806]
✅ Draft ACCEPTED: 2572
❌ Draft REJECTED: expected 5335, got 1633
🔍 Match found at ngram_size 3: [44364, 14374, 3070] -> drafts [1592, 64944, 1019, 12]
❌ Draft REJECTED: expected 1592, got 50359
🔍 Match found at ngram_size 3: [315, 15235, 1019] -> drafts [16, 13, 3070, 45]
❌ Draft REJECTED: expected 16, got 12
🔍 Match found at ngram_size 3: [1019, 12, 3070] -> drafts [21605, 20909, 95518, 14917]
❌ Draft REJECTED: expected 21605, got 14542
🔍 Match found at ngram_size 3: [13, 2303, 12] -> drafts [3070, 37332, 30441, 95518]
✅ Draft ACCEPTED: 3070
❌ Draft REJECTED: expected 37332, got 78088
🔍 Match found at ngram_size 3: [12111, 292, 11133] -> drafts [13, 758, 17903, 11]
❌ Draft REJECTED: expected 13, got 11
🔍 Match found at ngram_size 3: [13, 2303, 12] -> drafts [3070, 78088, 95518, 65947]
✅ Draft ACCEPTED: 3070
❌ Draft REJECTED: expected 78088, got 27560
🔍 Match found at ngram_size 3: [13, 2303, 12] -> drafts [3070, 27560, 367, 95518]
✅ Draft ACCEPTED: 3070
❌ Draft REJECTED: expected 27560, got 76906
🔍 Match found at ngram_size 3: [13, 2303, 12] -> drafts [3070, 76906, 95518, 19207]
✅ Draft ACCEPTED: 3070
❌ Draft REJECTED: expected 76906, got 12792
🔍 Match found at ngram_size 3: [13, 2303, 12] -> drafts [3070, 12792, 5362, 95518]
✅ Draft ACCEPTED: 3070
❌ Draft REJECTED: expected 12792, got 2250
🔍 Match found at ngram_size 3: [382, 44364, 14374] -> drafts [3070, 1592, 64944, 1019]
✅ Draft ACCEPTED: 3070
❌ Draft REJECTED: expected 1592, got 1143
🔍 Match found at ngram_size 3: [1019, 12, 3070] -> drafts [14542, 10506, 95518, 7767]
❌ Draft REJECTED: expected 14542, got 82552
🔍 Match found at ngram_size 3: [5942, 646, 23749] -> drafts [49083, 504, 279, 821]
✅ Draft ACCEPTED: 49083
✅ Draft ACCEPTED: 504
❌ Draft REJECTED: expected 279, got 4862
🔍 Match found at ngram_size 3: [13, 2303, 12] -> drafts [3070, 2250, 11205, 95518]
✅ Draft ACCEPTED: 3070
❌ Draft REJECTED: expected 2250, got 12245
🔍 Match found at ngram_size 3: [13, 2303, 12] -> drafts [3070, 12245, 4093, 16101]
✅ Draft ACCEPTED: 3070
❌ Draft REJECTED: expected 12245, got 65390
🔍 Match found at ngram_size 3: [11, 323, 279] -> drafts [16928, 315, 15235, 525]
❌ Draft REJECTED: expected 16928, got 4650
🔍 Match found at ngram_size 3: [323, 279, 4650] -> drafts [369, 61751, 382, 40]
✅ Draft ACCEPTED: 369
✅ Draft ACCEPTED: 61751
❌ Draft REJECTED: expected 382, got 320
🔍 Match found at ngram_size 3: [320, 68, 1302] -> drafts [2572, 1633, 17843, 3593]
✅ Draft ACCEPTED: 2572
❌ Draft REJECTED: expected 1633, got 5538
🔍 Match found at ngram_size 3: [11, 15235, 16185] -> drafts [1947, 77770, 382, 44364]
❌ Draft REJECTED: expected 1947, got 2213
🔍 Match found at ngram_size 3: [568, 2303, 12] -> drafts [3070, 54281, 11434, 28125]
✅ Draft ACCEPTED: 3070
❌ Draft REJECTED: expected 54281, got 7365
🔍 Match found at ngram_size 3: [2303, 12, 3070] -> drafts [7365, 2897, 95518, 10479]
❌ Draft REJECTED: expected 7365, got 15352
🔍 Match found at ngram_size 3: [320, 68, 1302] -> drafts [2572, 5538, 69, 2050]
✅ Draft ACCEPTED: 2572
❌ Draft REJECTED: expected 5538, got 15235
🔍 Match found at ngram_size 3: [3593, 44364, 14374] -> drafts [3070, 50359, 315, 15235]
✅ Draft ACCEPTED: 3070
❌ Draft REJECTED: expected 50359, got 785
🔍 Match found at ngram_size 3: [315, 15235, 1019] -> drafts [12, 3070, 14542, 10506]
✅ Draft ACCEPTED: 12
✅ Draft ACCEPTED: 3070
❌ Draft REJECTED: expected 14542, got 23453
🔍 Match found at ngram_size 3: [320, 68, 1302] -> drafts [2572, 15235, 16185, 98097]
✅ Draft ACCEPTED: 2572
❌ Draft REJECTED: expected 15235, got 1467
🔍 Match found at ngram_size 3: [13, 2303, 12] -> drafts [3070, 65390, 938, 36443]
✅ Draft ACCEPTED: 3070
❌ Draft REJECTED: expected 65390, got 27428
🔍 Match found at ngram_size 3: [13, 2303, 12] -> drafts [3070, 27428, 95518, 506]
✅ Draft ACCEPTED: 3070
❌ Draft REJECTED: expected 27428, got 52464
🔍 Match found at ngram_size 3: [95518, 15235, 374] -> drafts [10454, 803, 7988, 11]
✅ Draft ACCEPTED: 10454
✅ Draft ACCEPTED: 803
❌ Draft REJECTED: expected 7988, got 22864
🔍 Match found at ngram_size 3: [382, 44364, 14374] -> drafts [3070, 1143, 42370, 323]
✅ Draft ACCEPTED: 3070
❌ Draft REJECTED: expected 1143, got 10234
🔍 Match found at ngram_size 3: [1019, 12, 3070] -> drafts [23453, 38581, 95518, 15235]
❌ Draft REJECTED: expected 23453, got 46588
🔍 Match found at ngram_size 3: [95518, 15235, 646] -> drafts [387, 50663, 369, 38170]
❌ Draft REJECTED: expected 387, got 1882
🔍 Match found at ngram_size 3: [13, 2303, 12] -> drafts [3070, 52464, 95518, 15235]
✅ Draft ACCEPTED: 3070
❌ Draft REJECTED: expected 52464, got 641
🔍 Match found at ngram_size 3: [13, 2303, 12] -> drafts [3070, 641, 98748, 95518]
✅ Draft ACCEPTED: 3070
❌ Draft REJECTED: expected 641, got 64263
🔍 Match found at ngram_size 3: [95518, 15235, 374] -> drafts [10454, 803, 22864, 304]
❌ Draft REJECTED: expected 10454, got 63693
🔍 Match found at ngram_size 3: [15235, 320, 68] -> drafts [1302, 2572, 1467, 11]
✅ Draft ACCEPTED: 1302
✅ Draft ACCEPTED: 2572
❌ Draft REJECTED: expected 1467, got 451
🔍 Match found at ngram_size 3: [311, 29863, 19117] -> drafts [1119, 894, 3151, 12893]
❌ Draft REJECTED: expected 1119, got 0
